---
source: src/theme.rs
expression: "render_to_string(&app, 80, 30)"
---
┌ LATER A10 — `cd lorem_ipsum_dolor_sit_amet…` blocked the turn for 9:09  (Esc ┐
│ Evidence  a foreground Bash call longer than a minute; Claude waited for it  │
│ Action    queue: 'run builds and test suites longer than a minute in the     │
│background'                                                                   │
│ prompt    Run builds and test suites longer than a minute in the background  │
│and keep working meanwhile.                                                   │
│ Saving    ~9:09/turn                                                         │
│ Retires   on 3 turns · since turn 6 · window 5 turns                         │
│                                                                              │
│ Why       A foreground Bash call blocks the turn until it exits. For builds  │
│and test suites that take more than a minute, run them in the background      │
│(`run_in_background`): Claude keeps working and is notified when the command  │
│finishes. Calls Claude Code backgrounded itself do not count.                 │
│                                                                              │
│                                                                              │
│                                                                              │
│                                                                              │
│                                                                              │
│                                                                              │
│                                                                              │
│                                                                              │
│                                                                              │
│                                                                              │
│                                                                              │
│                                                                              │
│                                                                              │
│                                                                              │
│                                                                              │
└──────────────────────────────────────────────────────────────────────────────┘
 ?help  1-6 a 0 body  Enter panel  Esc home  c coach  A ask  t theme  q
