---
source: src/theme.rs
expression: text
---
╭cctop ─ session-a ── claude-sonnet-5 · v2.1.247 ──────────╮
│ ■ ENDED 10:17  turn 14  19:54  /home/user/project        │
│ auto · medium · — · $9.90 · cpu —                        │
╰──────────────────────────────────────────────────────────╯
╭1 Context ─ 40 % est ─────────────────────────────────────╮
│ ▇▇▇▇▇▇▇▇▇▇▇▇▇▆▆▇▇▇▇▇▇▇▁▁▁▁▁▁▁▁▁▁▁▁▁▁▁▁▁▁▁▁▁▁▁▁▁▁▁▁▁▁▁▁▁▁ │
│ 396k / 1.00M est   prefix 60k · inputs ≈1.4k · results ≈1│
│ 59% until auto-compact  harness ≈647/turn                │
│ ▂▃▃▄▄▄▄▅▆█  +50k/turn → autocompact in ~12 turns est     │
│ compactions 0                                            │
╰──────────────────────────────────────────────────────────╯
╭2 Tokens & Cost ─ 33.63M ─────────────────────────────────╮
│ cache read  ▇▇▇▇▇▇▇▇▇▇▇▇▇▇▇▇▇▇▇▇▇▇▇▇▇▇▇▇▇▇▇▇▇▇▇▇▇ 32.97M │
│ cache write ▇                                       597k │
│ fresh in                                             286 │
│ output                                               67k │
│  └ thinking                                          30k │
│ cache hit 98 %  ·  $9.90 ($16.3/h)  ·  in 1.15M/min      │
│ per turn ▁▂▁▁▁▁▁▄▃█   last turn 17.23M · $4.07  main only│
│ ≈$0.08/call · ≈$0.66/turn (≈$0.18 at 100k) · next 30c ≈$2│
│ cache ≈warm 50:33 · TTL 1h                               │
│ where: mcp:lorem ipsum dolo 80 % · skill:lorem ipsum 4 % │
╰──────────────────────────────────────────────────────────╯
─3 Limits ──────────────────────────────────────────────────
─4 Turn ─ 19:54 ────────────────────────────────────────────
╭5 Tools ─ 257 calls ──────────────────────────────────────╮
│ TOOL          N  ERR    p50    p95   LAST  TOKENS→CTX  ↕N│
│ mcp:claude-…214    2   1.6s≈ 25.4s≈   9:25       152k    │
│ RemoteTrigg… 16    0   4.3s≈ 10.0s≈  32:26       9.2k    │
│ Bash         15    3   2.0s≈ 27.2s≈  19:05       3.9k    │
│ ToolSearch    4    0    8ms≈  16ms≈  32:59          8    │
│ Read          3    0   22ms≈ 513ms≈  41:58       2.2k    │
│ top ctx: mcp:claude-in-chrome lorem 1.6k · mcp:claude-i… │
╰──────────────────────────────────────────────────────────╯
─6 Agents & MCP ─ 0/1 agents ───────────────────────────────
─7 Files ─ 4 touched ───────────────────────────────────────
─9 Advisor ─ 1 of 1 ────────────────────────────────────────
╭8 Events ─ 539 ───────────────────────────────────────────╮
│ 10:08:02 tool   mcp:claude-in-chrome ✓ 118               │
│ 10:08:04 tool   mcp:claude-in-chrome ✓ 68                │
│ 10:17:27 note   interrupted after 125 calls              │
│ 10:17:27 api    cost-state $9.90 · api 18:45 · retries 0…│
╰──────────────────────────────────────────────────────────╯
 ?help 1-9 panels ⇥focus a ask t theme L sessions q quit
