---
source: src/query.rs
expression: "serde_json::to_string_pretty(&ledger_json(&s, Some(3))).unwrap()"
---
[
  {
    "api_calls": {
      "approx": false,
      "metric_id": "api_calls",
      "unit": "count",
      "value": 41
    },
    "api_errors": 0,
    "cache_read": {
      "approx": false,
      "metric_id": "cache_read",
      "unit": "tokens",
      "value": 7930343
    },
    "cache_write": {
      "approx": false,
      "metric_id": "cache_write",
      "unit": "tokens",
      "value": 79549
    },
    "compaction": false,
    "cost": {
      "approx": true,
      "metric_id": "cost",
      "unit": "USD",
      "value": 2.0875686
    },
    "cost_at_100k": {
      "approx": true,
      "metric_id": "cost_per_turn",
      "unit": "USD",
      "value": 1.00314
    },
    "duration": {
      "approx": false,
      "metric_id": "turn_duration",
      "unit": "ms",
      "value": 398534
    },
    "effort": "medium",
    "fresh_input": {
      "approx": false,
      "metric_id": "fresh_input",
      "unit": "tokens",
      "value": 82
    },
    "harness_tokens": {
      "approx": true,
      "metric_id": "harness_tokens",
      "unit": "tokens",
      "value": 820
    },
    "human": true,
    "interrupted": false,
    "miss_cause": null,
    "model": "claude-sonnet-5",
    "output": {
      "approx": false,
      "metric_id": "output",
      "unit": "tokens",
      "value": 18314
    },
    "phase_mix": "other 66",
    "prompt_chars": 53,
    "started_at_ms": 1787823940869,
    "steers": 0,
    "thinking": {
      "approx": false,
      "metric_id": "thinking",
      "unit": "tokens",
      "value": 9795
    },
    "tool_calls": {
      "approx": false,
      "metric_id": "tool_calls",
      "unit": "count",
      "value": 66
    },
    "tool_errors": {
      "approx": false,
      "metric_id": "tool_errors",
      "unit": "count",
      "value": 2
    },
    "tools": "mcp:claude-in-chrome×66",
    "turn": 12
  },
  {
    "api_calls": {
      "approx": false,
      "metric_id": "api_calls",
      "unit": "count",
      "value": 16
    },
    "api_errors": 0,
    "cache_read": {
      "approx": false,
      "metric_id": "cache_read",
      "unit": "tokens",
      "value": 4151106
    },
    "cache_write": {
      "approx": false,
      "metric_id": "cache_write",
      "unit": "tokens",
      "value": 32361
    },
    "compaction": false,
    "cost": {
      "approx": true,
      "metric_id": "cost",
      "unit": "USD",
      "value": 1.0167792
    },
    "cost_at_100k": {
      "approx": true,
      "metric_id": "cost_per_turn",
      "unit": "USD",
      "value": 0.37705
    },
    "duration": {
      "approx": false,
      "metric_id": "turn_duration",
      "unit": "ms",
      "value": 175979
    },
    "effort": "medium",
    "fresh_input": {
      "approx": false,
      "metric_id": "fresh_input",
      "unit": "tokens",
      "value": 32
    },
    "harness_tokens": {
      "approx": true,
      "metric_id": "harness_tokens",
      "unit": "tokens",
      "value": 320
    },
    "human": true,
    "interrupted": false,
    "miss_cause": null,
    "model": "claude-sonnet-5",
    "output": {
      "approx": false,
      "metric_id": "output",
      "unit": "tokens",
      "value": 5705
    },
    "phase_mix": "other 25 · verify 2 · implement 1",
    "prompt_chars": 69,
    "started_at_ms": 1787824443286,
    "steers": 0,
    "thinking": {
      "approx": false,
      "metric_id": "thinking",
      "unit": "tokens",
      "value": 2363
    },
    "tool_calls": {
      "approx": false,
      "metric_id": "tool_calls",
      "unit": "count",
      "value": 28
    },
    "tool_errors": {
      "approx": false,
      "metric_id": "tool_errors",
      "unit": "count",
      "value": 0
    },
    "tools": "mcp:claude-in-chrome×25 Bash×2 Write×1",
    "turn": 13
  },
  {
    "api_calls": {
      "approx": false,
      "metric_id": "api_calls",
      "unit": "count",
      "value": 52
    },
    "api_errors": 0,
    "cache_read": {
      "approx": false,
      "metric_id": "cache_read",
      "unit": "tokens",
      "value": 17091493
    },
    "cache_write": {
      "approx": false,
      "metric_id": "cache_write",
      "unit": "tokens",
      "value": 121929
    },
    "compaction": false,
    "cost": {
      "approx": true,
      "metric_id": "cost",
      "unit": "USD",
      "value": 4.0666826
    },
    "cost_at_100k": {
      "approx": true,
      "metric_id": "cost_per_turn",
      "unit": "USD",
      "value": 1.20046
    },
    "duration": {
      "approx": false,
      "metric_id": "turn_duration",
      "unit": "ms",
      "value": 1194956
    },
    "effort": "medium",
    "fresh_input": {
      "approx": false,
      "metric_id": "fresh_input",
      "unit": "tokens",
      "value": 104
    },
    "harness_tokens": {
      "approx": true,
      "metric_id": "harness_tokens",
      "unit": "tokens",
      "value": 1060
    },
    "human": true,
    "interrupted": true,
    "miss_cause": null,
    "model": "claude-sonnet-5",
    "output": {
      "approx": false,
      "metric_id": "output",
      "unit": "tokens",
      "value": 16046
    },
    "phase_mix": "other 122 · verify 3",
    "prompt_chars": 23,
    "started_at_ms": 1787824652608,
    "steers": 0,
    "thinking": {
      "approx": false,
      "metric_id": "thinking",
      "unit": "tokens",
      "value": 2257
    },
    "tool_calls": {
      "approx": false,
      "metric_id": "tool_calls",
      "unit": "count",
      "value": 125
    },
    "tool_errors": {
      "approx": false,
      "metric_id": "tool_errors",
      "unit": "count",
      "value": 1
    },
    "tools": "mcp:claude-in-chrome×122 Bash×3",
    "turn": 14
  }
]
