---
source: src/theme.rs
expression: text
---
 cctop  claude-sonnet-5 . turn 14 . 52:41 . EN…  - IDLE . 0s

      + context                    - cache
 40   396k of 1.00M           50   warm . 50m (1h) TTL
    % ~$.08/call                 m misses 2 (last tools_c…

     - limits                     + rework
 —   no status line           1   1 . correction
   %                              edits 1 v none 20m

 > Fixed prefix 60k tokens ~$0.10/turn at 8… LATER · turn 14

 1 Context   ################------------------------ prefi.
             +50k/turn . autocompact 967k . 570k left . com.
 2 Tokens    cache read 32.97M . write 597k . output 67k . .
             $9.90 . $16.3/h . $/call ~$.08 . $/turn ~$.66 .
 3 Limits    no status line . weight x3 (sonnet) . long_con.
             83% of your usage was at >150k context
 4 Turn      IDLE 0s . api ~5:13 . tools 3:24
             elapsed 19:54 . 52 api calls . 125 tool calls
 5 Tools     257 calls . 5 err . test 15 (3 x) . mcp:claude.
             Other 4 . Denied 1
 6 Agents    0 run . 2 % . fork 0:42 548k . $0.15

 7 Files     4 touched . ad450c.rs Wx1 . fc57f7.rs Rx1

 8 Events    10:17 coach LATER A17 fired . Fixed prefix 60k.
             10:08 tool mcp:claude-in-chrome v 68 . 10:08 t.
 9 Advisor   LATER A17 . next runaway-result > when the slo.
             LATER A03 mcp:claude-in-chrome results: 152k s.













 ?help  1-9 open a panel full-screen  c coach  a ask  t them
