---
source: src/theme.rs
expression: "render_to_string(&app, w, h)"
---
 cctop  … ● COMMITTING · 4c +180 · sile…

 ○14% ○— ○59m ●1 ▸

 ▸ `cd lorem_ipsum_dolor… LATER · turn 6

 1 Context   ▇▇▇▇▇▇▁▁▁▁▁▁▁▁▁▁▁▁▁▁▁▁▁▁▁▁…
 2 Tokens    cache read 28.46M · write …
 3 Limits    no status line · weight ×3…
 4 Turn      COMMITTING · 4c +180 · sil…
 5 Tools     140 calls · 6 err · explor…
 6 Agents    —
 7 Files     44 touched · 40cde3.md E×1…
 8 Events    23:29 api cost-state $18.7…
 9 Advisor   LATER A10 · next — · snooz…








 ?help  1-9 open a panel full-screen  c
