---
source: src/theme.rs
expression: "render_to_string(&app, w, h)"
---
 cctop  claud…  ● COMMITTING 8h 40m
 1: ctx 14%      2: 5h —
 3: cache 59m≈   4: spend $18.7
 5: ✓ python3 -… 6: 140c 6 err
 ▸ `cd
   lorem_ipsum_dolor_sit_amet…`
─── events ─ 0: home  ·  ? keys ───
  23:29  api     cost-state $18.75…
  23:29  note    /clear · continue…
  23:28  coach   LATER A10 fired ·…
  23:28  tool    Bash ✓ 49
  23:28  tool    Bash git commit -…
  23:27  tool    Bash ✓ 16
  23:27  tool    Bash git push lor…
  23:27  tool    Bash ✓ 32
  23:27  cost    model opus-5 → so…
  23:27  tool    Bash git commit -…
  23:25  tool    AskUserQuestion ✓…
  14:49  tool    AskUserQuestion ▶
  14:49  api     API error: invali…
  14:49  compact compacted auto 56…
  14:48  note    interrupted after…
  14:47  api     API error: reques…
  14:46  tool    TaskUpdate ✓ 5
