---
source: src/theme.rs
expression: text
---
 cctop  claude-sonnet-5 . turn 14 . 52:41 . E…  - IDLE 19:54
 1: ctx 40% 570k left         2: 5h - no status line
 3: cache 50m~ 1h TTL         4: spend $9.90 ~$16.3/h
 5: v none rework 1 open      6: 257 calls 5 err
 > Edited 1 src file, no test/build run yet
--- context ------------------------- 0: home  .  ? keys ---
  396k of 1.00M est   autocompact 967k   570k left   +50k/t.

  prefix    ~60k  #####---------
  harness  ~3.0k  --------------
  thinking  ~30k  ###-----------
  inputs   ~1.4k  --------------
  results  ~166k  ##############

  since session start . 143 calls
  files            ~2.2k   0%
  bash output      ~3.9k   0%
  mcp results      ~150k  38%
  other results    ~9.3k   2%
  prompts          ~1.6k   0%
  other             ~98k  24%
  prefix ~ the first call's cached part - run /context once.

  compactions 0   re-reads 0   stale 0   autocompact in ~12.

  next 8c ~$.66 . fresh ~$.18
  threshold 967k . 570k left . prefix 60k (15 %)
