---
source: src/theme.rs
expression: "render_to_string(&app, 60, 51)"
---
╭cctop ─ session-b ── claude-sonnet-5 · v2.1.270 ──────────╮
│ ■ ENDED 23:28  turn 6  8h 40m  /home/user/project  PR #12│
│ default · medium · — · $18.7 · cpu —                     │
╰──────────────────────────────────────────────────────────╯
╭1 Context ─ 14 % est ─────────────────────────────────────╮
│ ▇▇▇▇▇▇▇▇▁▁▁▁▁▁▁▁▁▁▁▁▁▁▁▁▁▁▁▁▁▁▁▁▁▁▁▁▁▁▁▁▁▁▁▁▁▁▁▁▁▁▁▁▁▁▁▁ │
│ 142k / 1.00M est   prefix 49k · inputs ≈538 · results ≈18│
│ 85% until auto-compact  harness ≈7.8k/turn               │
│ ▂▃▃▄█▂  +146k/turn → autocompact in ~3 turns             │
│ compactions 1 (auto 567k → 230k in 1:20)                 │
╰──────────────────────────────────────────────────────────╯
╭2 Tokens & Cost ─ 28.88M ─────────────────────────────────╮
│ cache read  ▇▇▇▇▇▇▇▇▇▇▇▇▇▇▇▇▇▇▇▇▇▇▇▇▇▇▇▇▇▇▇▇▇▇▇▇▇ 28.46M │
│ cache write                                         311k │
│ fresh in                                             226 │
│ output                                              107k │
│  └ thinking                                          57k │
│ cache hit 99 %  ·  $18.7 ($1.01/h)  ·  in 40k/min        │
│ per turn ▂▅▁█▃▁   last turn 606k · $0.36  main only      │
│ ≈$0.03/call · ≈$0.50/turn (≈$0.38 at 100k) · next 30c ≈$1│
│ cache ≈warm 59:56 · TTL 1h                               │
│ where: skill:admit 1 %  weight ×3  89% of your usage was │
╰──────────────────────────────────────────────────────────╯
─3 Limits ──────────────────────────────────────────────────
─4 Turn ─ 8h 40m ───────────────────────────────────────────
╭5 Tools ─ 140 calls ──────────────────────────────────────╮
│ TOOL          N  ERR    p50    p95   LAST  TOKENS→CTX  IN│
│ Bash·explore 39    3  206ms≈  2.0s≈  8h 54m       11k    │
│ Read         30    0   77ms≈ 346ms≈  9h 00m       13k⊘   │
│ Edit         29    0   93ms≈ 142ms≈  9h 00m      1.1k    │
│ Bash·commit   8    0   1.7s≈  3.8s≈   0:03       342     │
│ Bash·test     8    0  13.2s≈ 25.9s≈  9h 01m      1.1k    │
│ Bash·implem…  6    2   2.9s≈ 10.9s≈  8h 42m       379    │
│ errors: Denied 4 · Other 2                               │
│ top ctx: Read /home/user/project/src/f58ab3… 500 (re-re… │
╰──────────────────────────────────────────────────────────╯
─6 Agents & MCP ─ — ────────────────────────────────────────
─7 Files ─ 44 touched ──────────────────────────────────────
╭9 Advisor ─ 1 of 3 ───────────────────────────────────────╮
│ ▸ Compaction is coming again                             │
│   Finish this unit of work…  avoids a hard stop · n next │
╰──────────────────────────────────────────────────────────╯
╭8 Events ─ 299 ───────────────────────────────────────────╮
│ 23:27:53 tool   Bash git push lorem_ lore 2>&1 ▶         │
│ 23:27:56 tool   Bash ✓ 16                                │
│ 23:28:41 tool   Bash git commit -m "$(cat lorem_i lorem …│
│ 23:28:45 tool   Bash ✓ 49                                │
│ 23:29:30 note   /clear · continued in a new session      │
│ 23:29:30 api    cost-state $18.75 · api 22:14 · retries …│
╰──────────────────────────────────────────────────────────╯
 ?help 1-9 panels ⇥focus a ask t theme L sessions q quit
