---
source: src/ui/sources_view.rs
expression: files
---
┌ Sources › files — 2.2k in the window, since session start  (← back · Esc close) ───────────────────────────┐
│ FILE                                                             READ  WRITTEN READS                       │
│ src/8008ee.rs                                                   ≈1.0k        —     1                       │
│ src/a3d75d.rs                                                   ≈1.0k        —     1                       │
│ src/fc57f7.rs                                                    ≈209        —     1                       │
│ src/ad450c.rs                                                       —      ≈74     0                       │
│ READ: what its reads occupy in the window (the files row); WRITTEN: what the model wrote into edits of it …│
│                                                                                                            │
│                                                                                                            │
│                                                                                                            │
│                                                                                                            │
│                                                                                                            │
│                                                                                                            │
│                                                                                                            │
│                                                                                                            │
│                                                                                                            │
│                                                                                                            │
│                                                                                                            │
│                                                                                                            │
│                                                                                                            │
│                                                                                                            │
│                                                                                                            │
│                                                                                                            │
│                                                                                                            │
│                                                                                                            │
│                                                                                                            │
│                                                                                                            │
│                                                                                                            │
└────────────────────────────────────────────────────────────────────────────────────────────────────────────┘
 Esc back  a ask  c coach  t theme  L sessions  q
