---
source: src/ui/coach_view.rs
expression: "render_to_string(&app, 56, 20)"
---
╭coach ─ session-b ─────────────────── opus-5 · turn 4 ╮
│ IDLE 4m · python3 - lor… ok 8m ago                   │
├──────────────────────────────────────────────────────┤
│ ● context  333k ▇▇▇▁▁▁▁▁▁▁ 33% · ≈$.18/call          │
│ ○ cache    warm 55m (1h) ≈                           │
│ ○ limits   — no status line                          │
│ ○ rework   edits 1 ✓ none 7m                         │
├──────────────────────────────────────────────────────┤
│ ▸ ctx 333k → ≈$.18/call, ≈$6.3/turn (was ≈$2.2)      │
│   clean stop: /compact <focus>, or hand-off + /clear │
│   NEXT · since turn 4 · +2 queued (n)                │
│                                                      │
│ next     prefix-tip → when the slot frees · Fixed p… │
│ snoozed  —                                           │
╰──────────────────────────────────────────────────────╯




 c dashboard  Enter act  x snooze  e why  1-4 light  q
