---
source: src/ui/coach_view.rs
expression: "render_to_string(&app, 56, 20)"
---
╭coach ─ session-b ─────────────────── opus-5 · turn 6 ╮
│ ◆ WAITING 4:00 · Claude asked a question             │
├──────────────────────────────────────────────────────┤
│ ◐ context  193k ▇▇▁▁▁▁▁▁▁▁ 19% · ≈$.11/call          │
│ ○ cache    warm 56m (1h) ≈                           │
│ ○ limits   — no status line                          │
│ ◐ rework   1 correction · edits 3 ✓ none 25m         │
├──────────────────────────────────────────────────────┤
│ ▸ 2 corrections in a row (refusal, then Esc)         │
│   Esc Esc → restore turn 5, restate with the constr… │
│   NOW · fired at call 1 · +3 queued (n)              │
│                                                      │
│ next     waiting → when the slot frees · ◆ WAITING … │
│ snoozed  —                                           │
╰──────────────────────────────────────────────────────╯




 Claude is waiting on you (a question) for 4:00
